// Jest Snapshot v1, https://goo.gl/fbAQLP

exports[`<LoginPage /> should render the component 1`] = `
<Provider
  store={
    Object {
      "clearActions": [Function],
      "dispatch": [Function],
      "getActions": [Function],
      "getState": [Function],
      "replaceReducer": [Function],
      "subscribe": [Function],
    }
  }
>
  <Connect(LoginPage)>
    <LoginPage
      freshUser={
        Object {
          "email": "",
          "password": "",
        }
      }
      getUserInputs={[Function]}
      loginUser={[Function]}
    >
      <Signup
        onChange={[Function]}
        onSubmit={[Function]}
        title="Login"
      >
        <div
          className=" signup-container"
        >
          <form
            className="centered-form"
            onSubmit={[Function]}
          >
            <h3
              className="text-center "
            >
              Login
            </h3>
            <div
              className="form-group"
            >
              <input
                className="form-control"
                id="email"
                name="email"
                onChange={[Function]}
                placeholder="Email"
                type="email"
              />
            </div>
            <div
              className="form-group"
            >
              <input
                className="form-control"
                id="password"
                name="password"
                onChange={[Function]}
                placeholder="Password"
                type="password"
              />
            </div>
            <button
              className="btn btn-primary"
              onClick={[Function]}
              type="submit"
            >
              Submit
            </button>
          </form>
        </div>
      </Signup>
    </LoginPage>
  </Connect(LoginPage)>
</Provider>
`;
